../Core/Src/main.c:135:5:main	8	static
../Core/Src/main.c:210:6:SystemClock_Config	88	static
../Core/Src/main.c:254:9:resetCumulativePosition	24	static
../Core/Src/main.c:263:5:lastError	16	static
../Core/Src/main.c:270:9:getRevolutions	16	static
../Core/Src/main.c:279:9:resetPosition	24	static
../Core/Src/main.c:286:7:getAngularSpeed	48	static
../Core/Src/main.c:317:10:readAngle	16	static
../Core/Src/main.c:330:9:getCumulativePosition	16	static
../Core/Src/main.c:352:7:raw2rad	24	static
../Core/Src/main.c:357:10:readReg2	32	static
../Core/Src/main.c:389:6:Error_Handler	4	static,ignoring_inline_asm
