../Core/Src/main.c:109:6:enc_timer_callback	56	static
../Core/Src/main.c:192:6:imu_timer_callback	32	static
../Core/Src/main.c:220:6:opticalOdom_timer_callback	40	static
../Core/Src/main.c:250:6:subscription_callback	24	static
../Core/Src/main.c:258:6:StartDefaultTask	80	static
../Core/Src/main.c:354:5:main	8	static
../Core/Src/main.c:435:6:SystemClock_Config	96	static
../Core/Src/main.c:492:6:HAL_I2C_MemRxCpltCallback	16	static
../Core/Src/main.c:498:7:ang2rc	32	static
../Core/Src/main.c:515:6:HAL_TIM_PeriodElapsedCallback	16	static
../Core/Src/main.c:532:6:Error_Handler	4	static,ignoring_inline_asm
