../Core/Src/main.c:109:6:enc_timer_callback	20
../Core/Src/main.c:192:6:imu_timer_callback	4
../Core/Src/main.c:220:6:opticalOdom_timer_callback	4
../Core/Src/main.c:250:6:subscription_callback	1
../Core/Src/main.c:258:6:StartDefaultTask	2
../Core/Src/main.c:354:5:main	4
../Core/Src/main.c:429:6:SystemClock_Config	4
../Core/Src/main.c:486:6:HAL_I2C_MemRxCpltCallback	2
../Core/Src/main.c:491:7:ang2rc	1
../Core/Src/main.c:508:6:HAL_TIM_PeriodElapsedCallback	2
../Core/Src/main.c:525:6:Error_Handler	1
