../Core/Src/main.c:109:6:enc_timer_callback	56	static
../Core/Src/main.c:193:6:imu_timer_callback	32	static
../Core/Src/main.c:221:6:subscription_callback	24	static
../Core/Src/main.c:229:6:StartDefaultTask	80	static
../Core/Src/main.c:307:5:main	8	static
../Core/Src/main.c:380:6:SystemClock_Config	96	static
../Core/Src/main.c:437:6:HAL_I2C_MemRxCpltCallback	16	static
../Core/Src/main.c:442:7:vel2rc	32	static
../Core/Src/main.c:455:7:ang2rc	32	static
../Core/Src/main.c:472:6:HAL_TIM_PeriodElapsedCallback	16	static
../Core/Src/main.c:489:6:Error_Handler	4	static,ignoring_inline_asm
