../Core/Src/main.c:121:5:main	8	static
../Core/Src/main.c:208:6:SystemClock_Config	96	static
../Core/Src/main.c:269:13:MX_I2C1_Init	8	static
../Core/Src/main.c:317:13:MX_I2C3_Init	8	static
../Core/Src/main.c:365:13:MX_TIM1_Init	56	static
../Core/Src/main.c:416:13:MX_TIM2_Init	56	static
../Core/Src/main.c:465:13:MX_TIM15_Init	112	static
../Core/Src/main.c:544:13:MX_USART2_UART_Init	8	static
../Core/Src/main.c:577:13:MX_DMA_Init	16	static
../Core/Src/main.c:598:13:MX_GPIO_Init	24	static
../Core/Src/main.c:623:6:enc_timer_callback	32	static
../Core/Src/main.c:636:6:imu_timer_callback	32	static
../Core/Src/main.c:649:6:subscription_callback	24	static
../Core/Src/main.c:665:6:StartDefaultTask	80	static
../Core/Src/main.c:761:6:HAL_TIM_PeriodElapsedCallback	16	static
../Core/Src/main.c:778:6:Error_Handler	4	static,ignoring_inline_asm
