16:18:09 **** Incremental Build of configuration Debug for project STM32L432KC_F1TENTH_FIRMWARE ****
make -j16 all 
docker pull microros/micro_ros_static_library_builder:humble && docker run --rm -v /home/tanakon/Desktop/F1TENTH_PROJECT/STM32L432KC_F1TENTH_FIRMWARE:/project --env MICROROS_LIBRARY_FOLDER=micro_ros_stm32cubemx_utils/microros_static_library_ide microros/micro_ros_static_library_builder:humble
humble: Pulling from microros/micro_ros_static_library_builder
Digest: sha256:8df17bda10fac82ff893bc51d80cf7383ceacf4d9ba550ee8bdcd89a016413ef
Status: Image is up to date for microros/micro_ros_static_library_builder:humble
docker.io/microros/micro_ros_static_library_builder:humble
dos2unix: converting file /project/micro_ros_stm32cubemx_utils/microros_static_library_ide/library_generation/library_generation.sh to Unix format...
micro-ROS library found. Skipping...
Delete micro_ros_stm32cubemx_utils/microros_static_library_ide/libmicroros/ for rebuild.
 
arm-none-eabi-gcc "../Core/Src/main.c" -mcpu=cortex-m4 -std=gnu11 -g3 -DDEBUG -DUSE_HAL_DRIVER -DSTM32L432xx -c -I../Core/Inc -I../micro_ros_stm32cubemx_utils/microros_static_library_ide/libmicroros/include -I../Drivers/STM32L4xx_HAL_Driver/Inc -I../Drivers/STM32L4xx_HAL_Driver/Inc/Legacy -I../Drivers/CMSIS/Device/ST/STM32L4xx/Include -I../Drivers/CMSIS/Include -I../Middlewares/Third_Party/FreeRTOS/Source/include -I../Middlewares/Third_Party/FreeRTOS/Source/CMSIS_RTOS_V2 -I../Middlewares/Third_Party/FreeRTOS/Source/portable/GCC/ARM_CM4F -I"/home/tanakon/Desktop/F1TENTH_PROJECT/STM32L432KC_F1TENTH_FIRMWARE/Config/inc" -I"/home/tanakon/Desktop/F1TENTH_PROJECT/STM32L432KC_F1TENTH_FIRMWARE/Library/inc" -O0 -ffunction-sections -fdata-sections -Wall -fstack-usage -fcyclomatic-complexity -MMD -MP -MF"Core/Src/main.d" -MT"Core/Src/main.o" --specs=nano.specs -mfpu=fpv4-sp-d16 -mfloat-abi=hard -mthumb -o "Core/Src/main.o"
arm-none-eabi-gcc -o "STM32L432KC_F1TENTH_FIRMWARE.elf" @"objects.list"  -lmicroros -mcpu=cortex-m4 -T"/home/tanakon/Desktop/F1TENTH_PROJECT/STM32L432KC_F1TENTH_FIRMWARE/STM32L432KCUX_FLASH.ld" --specs=nosys.specs -Wl,-Map="STM32L432KC_F1TENTH_FIRMWARE.map" -Wl,--gc-sections -static -L../micro_ros_stm32cubemx_utils/microros_static_library_ide/libmicroros --specs=nano.specs -mfpu=fpv4-sp-d16 -mfloat-abi=hard -mthumb -Wl,--start-group -lc -lm -Wl,--end-group
/opt/st/stm32cubeide_1.15.0/plugins/com.st.stm32cube.ide.mcu.externaltools.gnu-tools-for-stm32.12.3.rel1.linux64_1.0.100.202403111256/tools/bin/../lib/gcc/arm-none-eabi/12.3.1/../../../../arm-none-eabi/bin/ld: /opt/st/stm32cubeide_1.15.0/plugins/com.st.stm32cube.ide.mcu.externaltools.gnu-tools-for-stm32.12.3.rel1.linux64_1.0.100.202403111256/tools/bin/../lib/gcc/arm-none-eabi/12.3.1/../../../../arm-none-eabi/lib/thumb/v7e-m+fp/hard/libc_nano.a(libc_a-gettimeofdayr.o): in function `_gettimeofday_r':
(.text._gettimeofday_r+0xe): warning: _gettimeofday is not implemented and will always fail
Finished building target: STM32L432KC_F1TENTH_FIRMWARE.elf
 
arm-none-eabi-size  STM32L432KC_F1TENTH_FIRMWARE.elf 
arm-none-eabi-objdump -h -S STM32L432KC_F1TENTH_FIRMWARE.elf  > "STM32L432KC_F1TENTH_FIRMWARE.list"
   text	   data	    bss	    dec	    hex	filename
 113276	    760	  50608	 164644	  28324	STM32L432KC_F1TENTH_FIRMWARE.elf
Finished building: default.size.stdout
 
Finished building: STM32L432KC_F1TENTH_FIRMWARE.list
 
16:18:16 **** Incremental Build of configuration Debug for project STM32L432KC_F1TENTH_FIRMWARE ****
make -j16 all 
docker pull microros/micro_ros_static_library_builder:humble && docker run --rm -v /home/tanakon/Desktop/F1TENTH_PROJECT/STM32L432KC_F1TENTH_FIRMWARE:/project --env MICROROS_LIBRARY_FOLDER=micro_ros_stm32cubemx_utils/microros_static_library_ide microros/micro_ros_static_library_builder:humble
humble: Pulling from microros/micro_ros_static_library_builder
Digest: sha256:8df17bda10fac82ff893bc51d80cf7383ceacf4d9ba550ee8bdcd89a016413ef
Status: Image is up to date for microros/micro_ros_static_library_builder:humble
docker.io/microros/micro_ros_static_library_builder:humble
dos2unix: converting file /project/micro_ros_stm32cubemx_utils/microros_static_library_ide/library_generation/library_generation.sh to Unix format...
micro-ROS library found. Skipping...
Delete micro_ros_stm32cubemx_utils/microros_static_library_ide/libmicroros/ for rebuild.
 
arm-none-eabi-size  STM32L432KC_F1TENTH_FIRMWARE.elf 
   text	   data	    bss	    dec	    hex	filename
 113276	    760	  50608	 164644	  28324	STM32L432KC_F1TENTH_FIRMWARE.elf
Finished building: default.size.stdout
 
16:32:17 **** Incremental Build of configuration Debug for project STM32L432KC_F1TENTH_FIRMWARE ****
make -j16 all 
docker pull microros/micro_ros_static_library_builder:humble && docker run --rm -v /home/tanakon/Desktop/F1TENTH_PROJECT/STM32L432KC_F1TENTH_FIRMWARE:/project --env MICROROS_LIBRARY_FOLDER=micro_ros_stm32cubemx_utils/microros_static_library_ide microros/micro_ros_static_library_builder:humble
humble: Pulling from microros/micro_ros_static_library_builder
Digest: sha256:8df17bda10fac82ff893bc51d80cf7383ceacf4d9ba550ee8bdcd89a016413ef
Status: Image is up to date for microros/micro_ros_static_library_builder:humble
docker.io/microros/micro_ros_static_library_builder:humble
dos2unix: converting file /project/micro_ros_stm32cubemx_utils/microros_static_library_ide/library_generation/library_generation.sh to Unix format...
micro-ROS library found. Skipping...
Delete micro_ros_stm32cubemx_utils/microros_static_library_ide/libmicroros/ for rebuild.
 
arm-none-eabi-gcc "../Core/Src/main.c" -mcpu=cortex-m4 -std=gnu11 -g3 -DDEBUG -DUSE_HAL_DRIVER -DSTM32L432xx -c -I../Core/Inc -I../micro_ros_stm32cubemx_utils/microros_static_library_ide/libmicroros/include -I../Drivers/STM32L4xx_HAL_Driver/Inc -I../Drivers/STM32L4xx_HAL_Driver/Inc/Legacy -I../Drivers/CMSIS/Device/ST/STM32L4xx/Include -I../Drivers/CMSIS/Include -I../Middlewares/Third_Party/FreeRTOS/Source/include -I../Middlewares/Third_Party/FreeRTOS/Source/CMSIS_RTOS_V2 -I../Middlewares/Third_Party/FreeRTOS/Source/portable/GCC/ARM_CM4F -I"/home/tanakon/Desktop/F1TENTH_PROJECT/STM32L432KC_F1TENTH_FIRMWARE/Config/inc" -I"/home/tanakon/Desktop/F1TENTH_PROJECT/STM32L432KC_F1TENTH_FIRMWARE/Library/inc" -O0 -ffunction-sections -fdata-sections -Wall -fstack-usage -fcyclomatic-complexity -MMD -MP -MF"Core/Src/main.d" -MT"Core/Src/main.o" --specs=nano.specs -mfpu=fpv4-sp-d16 -mfloat-abi=hard -mthumb -o "Core/Src/main.o"
arm-none-eabi-gcc -o "STM32L432KC_F1TENTH_FIRMWARE.elf" @"objects.list"  -lmicroros -mcpu=cortex-m4 -T"/home/tanakon/Desktop/F1TENTH_PROJECT/STM32L432KC_F1TENTH_FIRMWARE/STM32L432KCUX_FLASH.ld" --specs=nosys.specs -Wl,-Map="STM32L432KC_F1TENTH_FIRMWARE.map" -Wl,--gc-sections -static -L../micro_ros_stm32cubemx_utils/microros_static_library_ide/libmicroros --specs=nano.specs -mfpu=fpv4-sp-d16 -mfloat-abi=hard -mthumb -Wl,--start-group -lc -lm -Wl,--end-group
/opt/st/stm32cubeide_1.15.0/plugins/com.st.stm32cube.ide.mcu.externaltools.gnu-tools-for-stm32.12.3.rel1.linux64_1.0.100.202403111256/tools/bin/../lib/gcc/arm-none-eabi/12.3.1/../../../../arm-none-eabi/bin/ld: /opt/st/stm32cubeide_1.15.0/plugins/com.st.stm32cube.ide.mcu.externaltools.gnu-tools-for-stm32.12.3.rel1.linux64_1.0.100.202403111256/tools/bin/../lib/gcc/arm-none-eabi/12.3.1/../../../../arm-none-eabi/lib/thumb/v7e-m+fp/hard/libc_nano.a(libc_a-gettimeofdayr.o): in function `_gettimeofday_r':
(.text._gettimeofday_r+0xe): warning: _gettimeofday is not implemented and will always fail
Finished building target: STM32L432KC_F1TENTH_FIRMWARE.elf
 
arm-none-eabi-size  STM32L432KC_F1TENTH_FIRMWARE.elf 
arm-none-eabi-objdump -h -S STM32L432KC_F1TENTH_FIRMWARE.elf  > "STM32L432KC_F1TENTH_FIRMWARE.list"
   text	   data	    bss	    dec	    hex	filename
 113308	    760	  50608	 164676	  28344	STM32L432KC_F1TENTH_FIRMWARE.elf
Finished building: default.size.stdout
 
Finished building: STM32L432KC_F1TENTH_FIRMWARE.list
 
17:08:41 **** Incremental Build of configuration Debug for project STM32L432KC_F1TENTH_FIRMWARE ****
make -j16 all 
docker pull microros/micro_ros_static_library_builder:humble && docker run --rm -v /home/tanakon/Desktop/F1TENTH_PROJECT/STM32L432KC_F1TENTH_FIRMWARE:/project --env MICROROS_LIBRARY_FOLDER=micro_ros_stm32cubemx_utils/microros_static_library_ide microros/micro_ros_static_library_builder:humble
humble: Pulling from microros/micro_ros_static_library_builder
Digest: sha256:8df17bda10fac82ff893bc51d80cf7383ceacf4d9ba550ee8bdcd89a016413ef
Status: Image is up to date for microros/micro_ros_static_library_builder:humble
docker.io/microros/micro_ros_static_library_builder:humble
dos2unix: converting file /project/micro_ros_stm32cubemx_utils/microros_static_library_ide/library_generation/library_generation.sh to Unix format...
micro-ROS library found. Skipping...
Delete micro_ros_stm32cubemx_utils/microros_static_library_ide/libmicroros/ for rebuild.
 
arm-none-eabi-gcc "../Core/Src/main.c" -mcpu=cortex-m4 -std=gnu11 -g3 -DDEBUG -DUSE_HAL_DRIVER -DSTM32L432xx -c -I../Core/Inc -I../micro_ros_stm32cubemx_utils/microros_static_library_ide/libmicroros/include -I../Drivers/STM32L4xx_HAL_Driver/Inc -I../Drivers/STM32L4xx_HAL_Driver/Inc/Legacy -I../Drivers/CMSIS/Device/ST/STM32L4xx/Include -I../Drivers/CMSIS/Include -I../Middlewares/Third_Party/FreeRTOS/Source/include -I../Middlewares/Third_Party/FreeRTOS/Source/CMSIS_RTOS_V2 -I../Middlewares/Third_Party/FreeRTOS/Source/portable/GCC/ARM_CM4F -I"/home/tanakon/Desktop/F1TENTH_PROJECT/STM32L432KC_F1TENTH_FIRMWARE/Config/inc" -I"/home/tanakon/Desktop/F1TENTH_PROJECT/STM32L432KC_F1TENTH_FIRMWARE/Library/inc" -O0 -ffunction-sections -fdata-sections -Wall -fstack-usage -fcyclomatic-complexity -MMD -MP -MF"Core/Src/main.d" -MT"Core/Src/main.o" --specs=nano.specs -mfpu=fpv4-sp-d16 -mfloat-abi=hard -mthumb -o "Core/Src/main.o"
arm-none-eabi-gcc "../Config/src/Mobile_Config.c" -mcpu=cortex-m4 -std=gnu11 -g3 -DDEBUG -DUSE_HAL_DRIVER -DSTM32L432xx -c -I../Core/Inc -I../micro_ros_stm32cubemx_utils/microros_static_library_ide/libmicroros/include -I../Drivers/STM32L4xx_HAL_Driver/Inc -I../Drivers/STM32L4xx_HAL_Driver/Inc/Legacy -I../Drivers/CMSIS/Device/ST/STM32L4xx/Include -I../Drivers/CMSIS/Include -I../Middlewares/Third_Party/FreeRTOS/Source/include -I../Middlewares/Third_Party/FreeRTOS/Source/CMSIS_RTOS_V2 -I../Middlewares/Third_Party/FreeRTOS/Source/portable/GCC/ARM_CM4F -I"/home/tanakon/Desktop/F1TENTH_PROJECT/STM32L432KC_F1TENTH_FIRMWARE/Config/inc" -I"/home/tanakon/Desktop/F1TENTH_PROJECT/STM32L432KC_F1TENTH_FIRMWARE/Library/inc" -O0 -ffunction-sections -fdata-sections -Wall -fstack-usage -fcyclomatic-complexity -MMD -MP -MF"Config/src/Mobile_Config.d" -MT"Config/src/Mobile_Config.o" --specs=nano.specs -mfpu=fpv4-sp-d16 -mfloat-abi=hard -mthumb -o "Config/src/Mobile_Config.o"
../Config/src/Mobile_Config.c:31:26: warning: missing braces around initializer [-Wmissing-braces]
   31 | BNO055_Offsets bno_off = {
      |                          ^
arm-none-eabi-gcc -o "STM32L432KC_F1TENTH_FIRMWARE.elf" @"objects.list"  -lmicroros -mcpu=cortex-m4 -T"/home/tanakon/Desktop/F1TENTH_PROJECT/STM32L432KC_F1TENTH_FIRMWARE/STM32L432KCUX_FLASH.ld" --specs=nosys.specs -Wl,-Map="STM32L432KC_F1TENTH_FIRMWARE.map" -Wl,--gc-sections -static -L../micro_ros_stm32cubemx_utils/microros_static_library_ide/libmicroros --specs=nano.specs -mfpu=fpv4-sp-d16 -mfloat-abi=hard -mthumb -Wl,--start-group -lc -lm -Wl,--end-group
/opt/st/stm32cubeide_1.15.0/plugins/com.st.stm32cube.ide.mcu.externaltools.gnu-tools-for-stm32.12.3.rel1.linux64_1.0.100.202403111256/tools/bin/../lib/gcc/arm-none-eabi/12.3.1/../../../../arm-none-eabi/bin/ld: /opt/st/stm32cubeide_1.15.0/plugins/com.st.stm32cube.ide.mcu.externaltools.gnu-tools-for-stm32.12.3.rel1.linux64_1.0.100.202403111256/tools/bin/../lib/gcc/arm-none-eabi/12.3.1/../../../../arm-none-eabi/lib/thumb/v7e-m+fp/hard/libc_nano.a(libc_a-gettimeofdayr.o): in function `_gettimeofday_r':
(.text._gettimeofday_r+0xe): warning: _gettimeofday is not implemented and will always fail
Finished building target: STM32L432KC_F1TENTH_FIRMWARE.elf
 
arm-none-eabi-size  STM32L432KC_F1TENTH_FIRMWARE.elf 
arm-none-eabi-objdump -h -S STM32L432KC_F1TENTH_FIRMWARE.elf  > "STM32L432KC_F1TENTH_FIRMWARE.list"
   text	   data	    bss	    dec	    hex	filename
 123692	    784	  50848	 175324	  2acdc	STM32L432KC_F1TENTH_FIRMWARE.elf
Finished building: default.size.stdout
 
Finished building: STM32L432KC_F1TENTH_FIRMWARE.list
 
