22:00:23 **** Build of configuration Debug for project STM32G431KB_F1TENTH_FIRMWARE ****
make -j16 all 
arm-none-eabi-gcc "../Library/src/AS5600.c" -mcpu=cortex-m4 -std=gnu11 -g3 -DDEBUG -DUSE_HAL_DRIVER -DSTM32G431xx -c -I../Core/Inc -I../Drivers/STM32G4xx_HAL_Driver/Inc -I../Drivers/STM32G4xx_HAL_Driver/Inc/Legacy -I../Drivers/CMSIS/Device/ST/STM32G4xx/Include -I../Drivers/CMSIS/Include -I"C:/Users/08809/Desktop/FIBO Online/FRA532 (Mobile Robot)/F1TENTH_PROJECT/STM32G431KB_F1TENTH_FIRMWARE/Library/inc" -I"C:/Users/08809/Desktop/FIBO Online/FRA532 (Mobile Robot)/F1TENTH_PROJECT/STM32G431KB_F1TENTH_FIRMWARE/Config/inc" -O0 -ffunction-sections -fdata-sections -Wall -fstack-usage -fcyclomatic-complexity -MMD -MP -MF"Library/src/AS5600.d" -MT"Library/src/AS5600.o" --specs=nano.specs -mfpu=fpv4-sp-d16 -mfloat-abi=hard -mthumb -o "Library/src/AS5600.o"
arm-none-eabi-gcc "../Core/Src/dma.c" -mcpu=cortex-m4 -std=gnu11 -g3 -DDEBUG -DUSE_HAL_DRIVER -DSTM32G431xx -c -I../Core/Inc -I../Drivers/STM32G4xx_HAL_Driver/Inc -I../Drivers/STM32G4xx_HAL_Driver/Inc/Legacy -I../Drivers/CMSIS/Device/ST/STM32G4xx/Include -I../Drivers/CMSIS/Include -I"C:/Users/08809/Desktop/FIBO Online/FRA532 (Mobile Robot)/F1TENTH_PROJECT/STM32G431KB_F1TENTH_FIRMWARE/Library/inc" -I"C:/Users/08809/Desktop/FIBO Online/FRA532 (Mobile Robot)/F1TENTH_PROJECT/STM32G431KB_F1TENTH_FIRMWARE/Config/inc" -O0 -ffunction-sections -fdata-sections -Wall -fstack-usage -fcyclomatic-complexity -MMD -MP -MF"Core/Src/dma.d" -MT"Core/Src/dma.o" --specs=nano.specs -mfpu=fpv4-sp-d16 -mfloat-abi=hard -mthumb -o "Core/Src/dma.o"
arm-none-eabi-gcc "../Core/Src/i2c.c" -mcpu=cortex-m4 -std=gnu11 -g3 -DDEBUG -DUSE_HAL_DRIVER -DSTM32G431xx -c -I../Core/Inc -I../Drivers/STM32G4xx_HAL_Driver/Inc -I../Drivers/STM32G4xx_HAL_Driver/Inc/Legacy -I../Drivers/CMSIS/Device/ST/STM32G4xx/Include -I../Drivers/CMSIS/Include -I"C:/Users/08809/Desktop/FIBO Online/FRA532 (Mobile Robot)/F1TENTH_PROJECT/STM32G431KB_F1TENTH_FIRMWARE/Library/inc" -I"C:/Users/08809/Desktop/FIBO Online/FRA532 (Mobile Robot)/F1TENTH_PROJECT/STM32G431KB_F1TENTH_FIRMWARE/Config/inc" -O0 -ffunction-sections -fdata-sections -Wall -fstack-usage -fcyclomatic-complexity -MMD -MP -MF"Core/Src/i2c.d" -MT"Core/Src/i2c.o" --specs=nano.specs -mfpu=fpv4-sp-d16 -mfloat-abi=hard -mthumb -o "Core/Src/i2c.o"
arm-none-eabi-gcc "../Core/Src/main.c" -mcpu=cortex-m4 -std=gnu11 -g3 -DDEBUG -DUSE_HAL_DRIVER -DSTM32G431xx -c -I../Core/Inc -I../Drivers/STM32G4xx_HAL_Driver/Inc -I../Drivers/STM32G4xx_HAL_Driver/Inc/Legacy -I../Drivers/CMSIS/Device/ST/STM32G4xx/Include -I../Drivers/CMSIS/Include -I"C:/Users/08809/Desktop/FIBO Online/FRA532 (Mobile Robot)/F1TENTH_PROJECT/STM32G431KB_F1TENTH_FIRMWARE/Library/inc" -I"C:/Users/08809/Desktop/FIBO Online/FRA532 (Mobile Robot)/F1TENTH_PROJECT/STM32G431KB_F1TENTH_FIRMWARE/Config/inc" -O0 -ffunction-sections -fdata-sections -Wall -fstack-usage -fcyclomatic-complexity -MMD -MP -MF"Core/Src/main.d" -MT"Core/Src/main.o" --specs=nano.specs -mfpu=fpv4-sp-d16 -mfloat-abi=hard -mthumb -o "Core/Src/main.o"
arm-none-eabi-gcc "../Core/Src/stm32g4xx_it.c" -mcpu=cortex-m4 -std=gnu11 -g3 -DDEBUG -DUSE_HAL_DRIVER -DSTM32G431xx -c -I../Core/Inc -I../Drivers/STM32G4xx_HAL_Driver/Inc -I../Drivers/STM32G4xx_HAL_Driver/Inc/Legacy -I../Drivers/CMSIS/Device/ST/STM32G4xx/Include -I../Drivers/CMSIS/Include -I"C:/Users/08809/Desktop/FIBO Online/FRA532 (Mobile Robot)/F1TENTH_PROJECT/STM32G431KB_F1TENTH_FIRMWARE/Library/inc" -I"C:/Users/08809/Desktop/FIBO Online/FRA532 (Mobile Robot)/F1TENTH_PROJECT/STM32G431KB_F1TENTH_FIRMWARE/Config/inc" -O0 -ffunction-sections -fdata-sections -Wall -fstack-usage -fcyclomatic-complexity -MMD -MP -MF"Core/Src/stm32g4xx_it.d" -MT"Core/Src/stm32g4xx_it.o" --specs=nano.specs -mfpu=fpv4-sp-d16 -mfloat-abi=hard -mthumb -o "Core/Src/stm32g4xx_it.o"
arm-none-eabi-gcc "../Core/Src/tim.c" -mcpu=cortex-m4 -std=gnu11 -g3 -DDEBUG -DUSE_HAL_DRIVER -DSTM32G431xx -c -I../Core/Inc -I../Drivers/STM32G4xx_HAL_Driver/Inc -I../Drivers/STM32G4xx_HAL_Driver/Inc/Legacy -I../Drivers/CMSIS/Device/ST/STM32G4xx/Include -I../Drivers/CMSIS/Include -I"C:/Users/08809/Desktop/FIBO Online/FRA532 (Mobile Robot)/F1TENTH_PROJECT/STM32G431KB_F1TENTH_FIRMWARE/Library/inc" -I"C:/Users/08809/Desktop/FIBO Online/FRA532 (Mobile Robot)/F1TENTH_PROJECT/STM32G431KB_F1TENTH_FIRMWARE/Config/inc" -O0 -ffunction-sections -fdata-sections -Wall -fstack-usage -fcyclomatic-complexity -MMD -MP -MF"Core/Src/tim.d" -MT"Core/Src/tim.o" --specs=nano.specs -mfpu=fpv4-sp-d16 -mfloat-abi=hard -mthumb -o "Core/Src/tim.o"
arm-none-eabi-gcc -o "STM32G431KB_F1TENTH_FIRMWARE.elf" @"objects.list"   -mcpu=cortex-m4 -T"C:\Users\08809\Desktop\FIBO Online\FRA532 (Mobile Robot)\F1TENTH_PROJECT\STM32G431KB_F1TENTH_FIRMWARE\STM32G431KBTX_FLASH.ld" --specs=nosys.specs -Wl,-Map="STM32G431KB_F1TENTH_FIRMWARE.map" -Wl,--gc-sections -static -Wl,--no-warn-rwx-segment --specs=nano.specs -mfpu=fpv4-sp-d16 -mfloat-abi=hard -mthumb -Wl,--start-group -lc -lm -Wl,--end-group
Finished building target: STM32G431KB_F1TENTH_FIRMWARE.elf
 
arm-none-eabi-size  STM32G431KB_F1TENTH_FIRMWARE.elf 
arm-none-eabi-objdump -h -S STM32G431KB_F1TENTH_FIRMWARE.elf  > "STM32G431KB_F1TENTH_FIRMWARE.list"
   text	   data	    bss	    dec	    hex	filename
  32868	     20	   2600	  35488	   8aa0	STM32G431KB_F1TENTH_FIRMWARE.elf
Finished building: default.size.stdout
 
Finished building: STM32G431KB_F1TENTH_FIRMWARE.list
 

22:00:25 Build Finished. 0 errors, 0 warnings. (took 1s.885ms)

