15:38:56 **** Incremental Build of configuration Debug for project STM32L432KC_F1TENTH_FIRMWARE ****
make -j16 all 
docker pull microros/micro_ros_static_library_builder:foxy && docker run --rm -v /home/tanakon/Desktop/F1TENTH_PROJECT/STM32L432KC_F1TENTH_FIRMWARE:/project --env MICROROS_LIBRARY_FOLDER=micro_ros_stm32cubemx_utils/microros_static_library_ide microros/micro_ros_static_library_builder:foxy
foxy: Pulling from microros/micro_ros_static_library_builder
Digest: sha256:bda0dcca059534cfc39f1fb2744bf58807acb8c6215a33f17fed2a9af15501a7
Status: Image is up to date for microros/micro_ros_static_library_builder:foxy
docker.io/microros/micro_ros_static_library_builder:foxy
dos2unix: converting file /project/micro_ros_stm32cubemx_utils/microros_static_library_ide/library_generation/library_generation.sh to Unix format...
micro-ROS library found. Skipping...
Delete micro_ros_stm32cubemx_utils/microros_static_library_ide/libmicroros/ for rebuild.
 
arm-none-eabi-gcc "../Core/Src/main.c" -mcpu=cortex-m4 -std=gnu11 -g3 -DDEBUG -DUSE_HAL_DRIVER -DSTM32L432xx -c -I../Core/Inc -I../micro_ros_stm32cubemx_utils/microros_static_library_ide/libmicroros/include -I../Drivers/STM32L4xx_HAL_Driver/Inc -I../Drivers/STM32L4xx_HAL_Driver/Inc/Legacy -I../Drivers/CMSIS/Device/ST/STM32L4xx/Include -I../Drivers/CMSIS/Include -I../Middlewares/Third_Party/FreeRTOS/Source/include -I../Middlewares/Third_Party/FreeRTOS/Source/CMSIS_RTOS_V2 -I../Middlewares/Third_Party/FreeRTOS/Source/portable/GCC/ARM_CM4F -I"/home/tanakon/Desktop/F1TENTH_PROJECT/STM32L432KC_F1TENTH_FIRMWARE/Config/inc" -I"/home/tanakon/Desktop/F1TENTH_PROJECT/STM32L432KC_F1TENTH_FIRMWARE/Library/inc" -O0 -ffunction-sections -fdata-sections -Wall -fstack-usage -fcyclomatic-complexity -MMD -MP -MF"Core/Src/main.d" -MT"Core/Src/main.o" --specs=nano.specs -mfpu=fpv4-sp-d16 -mfloat-abi=hard -mthumb -o "Core/Src/main.o"
arm-none-eabi-gcc -o "STM32L432KC_F1TENTH_FIRMWARE.elf" @"objects.list"  -lmicroros -mcpu=cortex-m4 -T"/home/tanakon/Desktop/F1TENTH_PROJECT/STM32L432KC_F1TENTH_FIRMWARE/STM32L432KCUX_FLASH.ld" --specs=nosys.specs -Wl,-Map="STM32L432KC_F1TENTH_FIRMWARE.map" -Wl,--gc-sections -static -L../micro_ros_stm32cubemx_utils/microros_static_library_ide/libmicroros --specs=nano.specs -mfpu=fpv4-sp-d16 -mfloat-abi=hard -mthumb -Wl,--start-group -lc -lm -Wl,--end-group
Finished building target: STM32L432KC_F1TENTH_FIRMWARE.elf
 
arm-none-eabi-size  STM32L432KC_F1TENTH_FIRMWARE.elf 
arm-none-eabi-objdump -h -S STM32L432KC_F1TENTH_FIRMWARE.elf  > "STM32L432KC_F1TENTH_FIRMWARE.list"
arm-none-eabi-objcopy  -O binary STM32L432KC_F1TENTH_FIRMWARE.elf  "STM32L432KC_F1TENTH_FIRMWARE.bin"
   text	   data	    bss	    dec	    hex	filename
 116648	    360	  50912	 167920	  28ff0	STM32L432KC_F1TENTH_FIRMWARE.elf
Finished building: default.size.stdout
 
Finished building: STM32L432KC_F1TENTH_FIRMWARE.bin
 
Finished building: STM32L432KC_F1TENTH_FIRMWARE.list
 

15:39:03 Build Finished. 0 errors, 0 warnings. (took 6s.509ms)

