03:47:30 **** Incremental Build of configuration Debug for project STM32G431KB_F1TENTH_FIRMWARE ****
make -j16 all 
arm-none-eabi-gcc "../Library/src/BNO055.c" -mcpu=cortex-m4 -std=gnu11 -g3 -DDEBUG -DUSE_HAL_DRIVER -DSTM32G431xx -c -I../Core/Inc -I../Drivers/STM32G4xx_HAL_Driver/Inc -I../Drivers/STM32G4xx_HAL_Driver/Inc/Legacy -I../Drivers/CMSIS/Device/ST/STM32G4xx/Include -I../Drivers/CMSIS/Include -I"C:/Users/08809/Desktop/FIBO Online/FRA532 (Mobile Robot)/F1TENTH_PROJECT/STM32G431KB_F1TENTH_FIRMWARE/Library/inc" -I"C:/Users/08809/Desktop/FIBO Online/FRA532 (Mobile Robot)/F1TENTH_PROJECT/STM32G431KB_F1TENTH_FIRMWARE/Config/inc" -O0 -ffunction-sections -fdata-sections -Wall -fstack-usage -fcyclomatic-complexity -MMD -MP -MF"Library/src/BNO055.d" -MT"Library/src/BNO055.o" --specs=nano.specs -mfpu=fpv4-sp-d16 -mfloat-abi=hard -mthumb -o "Library/src/BNO055.o"
arm-none-eabi-gcc "../Library/src/Controller.c" -mcpu=cortex-m4 -std=gnu11 -g3 -DDEBUG -DUSE_HAL_DRIVER -DSTM32G431xx -c -I../Core/Inc -I../Drivers/STM32G4xx_HAL_Driver/Inc -I../Drivers/STM32G4xx_HAL_Driver/Inc/Legacy -I../Drivers/CMSIS/Device/ST/STM32G4xx/Include -I../Drivers/CMSIS/Include -I"C:/Users/08809/Desktop/FIBO Online/FRA532 (Mobile Robot)/F1TENTH_PROJECT/STM32G431KB_F1TENTH_FIRMWARE/Library/inc" -I"C:/Users/08809/Desktop/FIBO Online/FRA532 (Mobile Robot)/F1TENTH_PROJECT/STM32G431KB_F1TENTH_FIRMWARE/Config/inc" -O0 -ffunction-sections -fdata-sections -Wall -fstack-usage -fcyclomatic-complexity -MMD -MP -MF"Library/src/Controller.d" -MT"Library/src/Controller.o" --specs=nano.specs -mfpu=fpv4-sp-d16 -mfloat-abi=hard -mthumb -o "Library/src/Controller.o"
arm-none-eabi-gcc "../Library/src/DC_Motor.c" -mcpu=cortex-m4 -std=gnu11 -g3 -DDEBUG -DUSE_HAL_DRIVER -DSTM32G431xx -c -I../Core/Inc -I../Drivers/STM32G4xx_HAL_Driver/Inc -I../Drivers/STM32G4xx_HAL_Driver/Inc/Legacy -I../Drivers/CMSIS/Device/ST/STM32G4xx/Include -I../Drivers/CMSIS/Include -I"C:/Users/08809/Desktop/FIBO Online/FRA532 (Mobile Robot)/F1TENTH_PROJECT/STM32G431KB_F1TENTH_FIRMWARE/Library/inc" -I"C:/Users/08809/Desktop/FIBO Online/FRA532 (Mobile Robot)/F1TENTH_PROJECT/STM32G431KB_F1TENTH_FIRMWARE/Config/inc" -O0 -ffunction-sections -fdata-sections -Wall -fstack-usage -fcyclomatic-complexity -MMD -MP -MF"Library/src/DC_Motor.d" -MT"Library/src/DC_Motor.o" --specs=nano.specs -mfpu=fpv4-sp-d16 -mfloat-abi=hard -mthumb -o "Library/src/DC_Motor.o"
arm-none-eabi-gcc -o "STM32G431KB_F1TENTH_FIRMWARE.elf" @"objects.list"   -mcpu=cortex-m4 -T"C:\Users\08809\Desktop\FIBO Online\FRA532 (Mobile Robot)\F1TENTH_PROJECT\STM32G431KB_F1TENTH_FIRMWARE\STM32G431KBTX_FLASH.ld" --specs=nosys.specs -Wl,-Map="STM32G431KB_F1TENTH_FIRMWARE.map" -Wl,--gc-sections -static -Wl,--no-warn-rwx-segment --specs=nano.specs -mfpu=fpv4-sp-d16 -mfloat-abi=hard -mthumb -Wl,--start-group -lc -lm -Wl,--end-group
Finished building target: STM32G431KB_F1TENTH_FIRMWARE.elf
 
arm-none-eabi-size  STM32G431KB_F1TENTH_FIRMWARE.elf 
arm-none-eabi-objdump -h -S STM32G431KB_F1TENTH_FIRMWARE.elf  > "STM32G431KB_F1TENTH_FIRMWARE.list"
   text	   data	    bss	    dec	    hex	filename
  27044	     20	   2396	  29460	   7314	STM32G431KB_F1TENTH_FIRMWARE.elf
Finished building: default.size.stdout
 
Finished building: STM32G431KB_F1TENTH_FIRMWARE.list
 

03:47:31 Build Finished. 0 errors, 0 warnings. (took 667ms)

